(window.webpackJsonp=window.webpackJsonp||[]).push([[221],{573:function(s,t,n){"use strict";n.r(t);var e=n(0),a=Object(e.a)({},(function(){var s=this,t=s._self._c;return t("ContentSlotsDistributor",{attrs:{"slot-key":s.$parent.slotKey}},[t("h2",{attrs:{id:"lvm工作原理"}},[t("a",{staticClass:"header-anchor",attrs:{href:"#lvm工作原理"}},[s._v("#")]),s._v(" lvm工作原理")]),s._v(" "),t("p",[s._v("LVM是在磁盘分区和文件系统之间添加的一个逻辑层，来为文件系统屏蔽下层磁盘分区布局，提供一个抽象的盘卷，在盘卷上建立文件系统。管理员利用LVM可以在磁盘不用重新分区的情况下动态调整文件系统的大小，并且利用LVM管理的文件系统可以跨越磁盘，当服务器添加了新的磁盘后，管理员不必将原有的文件移动到新的磁盘上，而是通过LVM可以直接扩展文件系统跨越磁盘")]),s._v(" "),t("p",[s._v("它就是通过将底层的物理硬盘封装起来，然后以逻辑卷的方式呈现给上层应用。在LVM中，其通过对底层的硬盘进行封装，当我们对底层的物理硬盘进行操作时，其不再是针对于分区进行操作，而是通过一个叫做逻辑卷的东西来对其进行底层的磁盘管理操作。")]),s._v(" "),t("p",[s._v("逻辑卷管理的核心在于如何处理我们系统中安装的硬盘及其分区，对于我们的逻辑卷管理器来说，把硬盘当作物理卷来看")]),s._v(" "),t("p",[t("img",{attrs:{src:"http://pic.zzppjj.top/LightPicture/2023/01/5a41ef21aac7ec6c.jpg",alt:""}})]),s._v(" "),t("h2",{attrs:{id:"lvm常用的术语"}},[t("a",{staticClass:"header-anchor",attrs:{href:"#lvm常用的术语"}},[s._v("#")]),s._v(" LVM常用的术语")]),s._v(" "),t("p",[s._v("先来了解一下常用的名词解释")]),s._v(" "),t("ul",[t("li",[s._v("物理存储介质（The physical media）")])]),s._v(" "),t("p",[s._v("这里指系统的存储设备文件，可是磁盘分区，整个磁盘，RAID阵列或SAN磁盘，设备必须初始化为LVM物理卷，才能与LVM结合使用")]),s._v(" "),t("ul",[t("li",[s._v("物理卷PV（physical volume）")])]),s._v(" "),t("p",[s._v("物理卷就是指硬盘分区或从逻辑上与磁盘分区具有同样功能的设备(如RAID)，是LVM的基本存储逻辑块，但和基本的物理存储介质（如分区、磁盘等）比较，却包含有与LVM相关的管理参数 （注册物理设备以便在卷组中使用）,创建物理卷它可以用硬盘分区，也可以用硬盘本身；")]),s._v(" "),t("ul",[t("li",[s._v("卷组VG（Volume Group）")])]),s._v(" "),t("p",[s._v("LVM卷组类似于非LVM系统中的物理硬盘，一个LVM卷组由一个或多个物理卷组成 ")]),s._v(" "),t("ul",[t("li",[s._v("逻辑卷LV（logical volume）")])]),s._v(" "),t("p",[s._v("类似于非LVM系统中的硬盘分区，LV建立在VG之上，可以在LV之上建立文件系统")]),s._v(" "),t("ul",[t("li",[s._v("PE（physical extents）")])]),s._v(" "),t("p",[s._v("PV中可以分配的最少存储单元，PE的大小是可以指定的，默认为4MB")]),s._v(" "),t("ul",[t("li",[s._v("LE（logical extent）")])]),s._v(" "),t("p",[s._v("LV中可以分配的最少存储单元，在同一个卷组中，LE的大小和PE是相同的，并且一一对应")]),s._v(" "),t("h2",{attrs:{id:"lvm优点"}},[t("a",{staticClass:"header-anchor",attrs:{href:"#lvm优点"}},[s._v("#")]),s._v(" LVM优点")]),s._v(" "),t("ul",[t("li",[s._v("使用卷组，使多个硬盘空间看起来像是一个大的硬盘")]),s._v(" "),t("li",[s._v("使用逻辑卷，可以跨多个硬盘空间的分区 sdb1 sdb2 sdc1 sdd2 sdf")]),s._v(" "),t("li",[s._v("在使用逻辑卷时，它可以在空间不足时动态调整它的大小")]),s._v(" "),t("li",[s._v("在调整逻辑卷大小时，不需要考虑逻辑卷在硬盘上的位置，不用担心没有可用的连续空间")]),s._v(" "),t("li",[s._v("可以在线对LV,VG 进行创建，删除，调整大小等操作。LVM上的文件系统也需要重新调整大小。")]),s._v(" "),t("li",[s._v("可以将正在使用中的硬盘迁移到别的硬盘上(emc--500G DELL---1.2T)")]),s._v(" "),t("li",[s._v("允许创建快照，可以用来保存文件系统的备份。只能使用一次")])]),s._v(" "),t("blockquote",[t("p",[s._v("解释：")]),s._v(" "),t("p",[s._v("LVM是软件的卷管理方式，而RAID是磁盘保护的方法。对于重要的业务来说，一般是同时存在。RAID用来保护物理的磁盘不会因为故障而中断业务。LVM用来实现对卷的良性的管理，更好的利用磁盘资源")])]),s._v(" "),t("h2",{attrs:{id:"创建lvm的基本步骤"}},[t("a",{staticClass:"header-anchor",attrs:{href:"#创建lvm的基本步骤"}},[s._v("#")]),s._v(" 创建LVM的基本步骤")]),s._v(" "),t("ol",[t("li",[t("p",[s._v("先做物理卷 pvcreate /dev/sdb1")])]),s._v(" "),t("li",[t("p",[s._v("把不同的物理卷加入到卷组当中 vgcreate datavg /dev/sdb1")])]),s._v(" "),t("li",[t("p",[s._v("创建逻辑卷 lvcreate")])]),s._v(" "),t("li",[t("p",[s._v("格式化文件系统 mkfs.xfs")])])]),s._v(" "),t("ol",{attrs:{start:"5"}},[t("li",[s._v("创建挂载点并进行挂载 mount")])]),s._v(" "),t("blockquote",[t("p",[s._v("lvcreate -l +100%FREE 指定全部大小")])]),s._v(" "),t("p",[t("em",[t("strong",[s._v("对ext类型文件系统扩容： resize2fs")])])]),s._v(" "),t("p",[t("em",[t("strong",[s._v("对xfs类型文件系统扩容： xfs_growfs")])])]),s._v(" "),t("p",[t("em",[t("strong",[s._v("resize2fs和xfs_growfs 两者的区别是传递的参数不一样的，xfs_growfs是采用的挂载点；resize2fs是逻辑卷名称，而且resize2fs命令不能对xfs类型文件系统使用")])])]),s._v(" "),t("h2",{attrs:{id:"lvm删除"}},[t("a",{staticClass:"header-anchor",attrs:{href:"#lvm删除"}},[s._v("#")]),s._v(" LVM删除")]),s._v(" "),t("p",[s._v("创建: pvcreate ---\x3e vgcreate ---\x3e lvcrdeate ---\x3e mkfs.xfs lv ----\x3e mount")]),s._v(" "),t("p",[s._v("删除： umount ----\x3e lvremove lv -----\x3e vgremove vg -----\x3e pvremove")]),s._v(" "),t("h2",{attrs:{id:"底层存储更换新建pv-pvcreate-dev-sdc1"}},[t("a",{staticClass:"header-anchor",attrs:{href:"#底层存储更换新建pv-pvcreate-dev-sdc1"}},[s._v("#")]),s._v(" 底层存储更换新建PV pvcreate /dev/sdc1")]),s._v(" "),t("p",[s._v("扩容VG vgextend datavg /dev/sdc1")]),s._v(" "),t("p",[s._v("移动数据 pvmove /dev/sdb5 /dev/sdc1")]),s._v(" "),t("p",[s._v("VG缩小 vgreduce datavg /dev/sdb5")]),s._v(" "),t("p",[s._v("删除小盘 pvremove /dev/sdb5")]),s._v(" "),t("h2",{attrs:{id:"扩容操作"}},[t("a",{staticClass:"header-anchor",attrs:{href:"#扩容操作"}},[s._v("#")]),s._v(" 扩容操作")]),s._v(" "),t("div",{staticClass:"language-context line-numbers-mode"},[t("pre",{pre:!0,attrs:{class:"language-context"}},[t("code",[s._v("1.fdisk /dev/vdc    //给新加的硬盘设备/dev/vdc创建分区(注意设备名称略有差异，步骤同下)\n2.分别按n、p、1、t、8e、wr\n3.pvcreate /dev/vdc1\n4.vgextend vg0 /dev/vdd1\n5.lvextend -l +100"),t("span",{pre:!0,attrs:{class:"token comment"}},[s._v("%FREE /dev/vg0/lv0")]),s._v("\n6. xfs_growfs  /dev/vg0/lv0\n")])]),s._v(" "),t("div",{staticClass:"line-numbers-wrapper"},[t("span",{staticClass:"line-number"},[s._v("1")]),t("br"),t("span",{staticClass:"line-number"},[s._v("2")]),t("br"),t("span",{staticClass:"line-number"},[s._v("3")]),t("br"),t("span",{staticClass:"line-number"},[s._v("4")]),t("br"),t("span",{staticClass:"line-number"},[s._v("5")]),t("br"),t("span",{staticClass:"line-number"},[s._v("6")]),t("br")])]),t("h2",{attrs:{id:"大于2t的扩容使用"}},[t("a",{staticClass:"header-anchor",attrs:{href:"#大于2t的扩容使用"}},[s._v("#")]),s._v(" 大于2T的扩容使用")]),s._v(" "),t("div",{staticClass:"language-context line-numbers-mode"},[t("pre",{pre:!0,attrs:{class:"language-context"}},[t("code",[s._v("1. 使用parted方式格式化磁盘\n1.1 查看磁盘情况\n"),t("span",{pre:!0,attrs:{class:"token punctuation"}},[s._v("[")]),s._v("root@jylhlog2 ~"),t("span",{pre:!0,attrs:{class:"token punctuation"}},[s._v("]")]),s._v("# fdisk -l\nDisk /dev/sdd: 2199.0 GB, 2199023255552 bytes, 4294967296 sectors\nUnits = sectors of 1 * 512 = 512 bytes\nSector size (logical/physical): 512 bytes / 512 bytes\nI/O size (minimum/optimal): 512 bytes / 512 bytes\nDisk /dev/sdb: 42.9 GB, 42949672960 bytes, 83886080 sectors\nUnits = sectors of 1 * 512 = 512 bytes\nSector size (logical/physical): 512 bytes / 512 bytes\nI/O size (minimum/optimal): 512 bytes / 512 bytes\nDisk /dev/sdc: 2199.0 GB, 2199023255552 bytes, 4294967296 sectors\nUnits = sectors of 1 * 512 = 512 bytes\nSector size (logical/physical): 512 bytes / 512 bytes\nI/O size (minimum/optimal): 512 bytes / 512 bytes\nDisk /dev/sde: 2199.0 GB, 2199023255552 bytes, 4294967296 sectors\nUnits = sectors of 1 * 512 = 512 bytes\nSector size (logical/physical): 512 bytes / 512 bytes\nI/O size (minimum/optimal): 512 bytes / 512 bytes\nDisk /dev/sdf: 2199.0 GB, 2199023255552 bytes, 4294967296 sectors\nUnits = sectors of 1 * 512 = 512 bytes\nSector size (logical/physical): 512 bytes / 512 bytes\nI/O size (minimum/optimal): 512 bytes / 512 bytes\nDisk /dev/sda: 536.9 GB, 536870912000 bytes, 1048576000 sectors\nUnits = sectors of 1 * 512 = 512 bytes\nSector size (logical/physical): 512 bytes / 512 bytes\nI/O size (minimum/optimal): 512 bytes / 512 bytes\nDisk label type: dos\nDisk identifier: 0x0008ce60\nDevice Boot Start End Blocks Id System\n/dev/sda1 * 2048 2099199 1048576 83 Linux\n/dev/sda2 2099200 1048567807 523234304 8e Linux LVM\nDisk /dev/mapper/vg_root-lv_root: 64.4 GB, 64424509440 bytes, 125829120 sectors\nUnits = sectors of 1 * 512 = 512 bytes\nSector size (logical/physical): 512 bytes / 512 bytes\nI/O size (minimum/optimal): 512 bytes / 512 bytes\nDisk /dev/mapper/vg_root-lv_swap: 68.7 GB, 68719476736 bytes, 134217728 sectors\nUnits = sectors of 1 * 512 = 512 bytes\nSector size (logical/physical): 512 bytes / 512 bytes\nI/O size (minimum/optimal): 512 bytes / 512 bytes\nDisk /dev/mapper/vg_root-lv_data: 209.4 GB, 209371267072 bytes, 408928256 sectors\nUnits = sectors of 1 * 512 = 512 bytes\nSector size (logical/physical): 512 bytes / 512 bytes\nI/O size (minimum/optimal): 512 bytes / 512 bytes\nDisk /dev/mapper/vg_root-lv_home: 64.4 GB, 64424509440 bytes, 125829120 sectors\nUnits = sectors of 1 * 512 = 512 bytes\nSector size (logical/physical): 512 bytes / 512 bytes\nI/O size (minimum/optimal): 512 bytes / 512 bytes\nDisk /dev/mapper/vg_root-oracle: 64.4 GB, 64424509440 bytes, 125829120 sectors\nUnits = sectors of 1 * 512 = 512 bytes\nSector size (logical/physical): 512 bytes / 512 bytes\nI/O size (minimum/optimal): 512 bytes / 512 bytes\nDisk /dev/mapper/vg_root-lv_grid: 64.4 GB, 64424509440 bytes, 125829120 sectors\nUnits = sectors of 1 * 512 = 512 bytes\nSector size (logical/physical): 512 bytes / 512 bytes\nI/O size (minimum/optimal): 512 bytes / 512 bytes\nDisk /dev/sdg: 2199.0 GB, 2199023255552 bytes, 4294967296 sectors\nUnits = sectors of 1 * 512 = 512 bytes\nSector size (logical/physical): 512 bytes / 512 bytes\nI/O size (minimum/optimal): 512 bytes / 512 bytes\n"),t("span",{pre:!0,attrs:{class:"token punctuation"}},[s._v("[")]),s._v("root@jylhlog2 ~"),t("span",{pre:!0,attrs:{class:"token punctuation"}},[s._v("]")]),s._v("#\n1.2 使用parted格式化/dev/sdg分区\n"),t("span",{pre:!0,attrs:{class:"token punctuation"}},[s._v("[")]),s._v("root@jylhlog2 ~"),t("span",{pre:!0,attrs:{class:"token punctuation"}},[s._v("]")]),s._v("# parted /dev/sdg\nGNU Parted 3.1\nUsing /dev/sdg\nWelcome to GNU Parted! Type ‘help’ to view a list of commands.\n(parted) mklabel gpt ------将MBR分区形式转为GPT分区形式\n(parted) mkpart primary xfs 0 -1 ------设置分区的开始位置和结束位置\nWarning: The resulting partition is not properly aligned for best performance.\nIgnore/Cancel? Ignore\n(parted) print ------查看分区\nModel: VMware Virtual disk (scsi)\nDisk /dev/sdg: 2199GB\nSector size (logical/physical): 512B/512B\nPartition Table: gpt\nDisk Flags:\nNumber Start End Size File system Name Flags\n1 17.4kB 2199GB 2199GB primary\n(parted) toggle 1 lvm ------使用toggle 更改硬盘类型\n(parted) print ------查看分区\nModel: VMware Virtual disk (scsi)\nDisk /dev/sdg: 2199GB\nSector size (logical/physical): 512B/512B\nPartition Table: gpt\nDisk Flags:\nNumber Start End Size File system Name Flags\n1 17.4kB 2199GB 2199GB primary lvm\n(parted) quit\nInformation: You may need to update /etc/fstab.\n"),t("span",{pre:!0,attrs:{class:"token punctuation"}},[s._v("[")]),s._v("root@jylhlog2 ~"),t("span",{pre:!0,attrs:{class:"token punctuation"}},[s._v("]")]),s._v("#\n1.3 查看格式化后的分区情况\n"),t("span",{pre:!0,attrs:{class:"token punctuation"}},[s._v("[")]),s._v("root@jylhlog2 ~"),t("span",{pre:!0,attrs:{class:"token punctuation"}},[s._v("]")]),s._v("# fdisk -l\nDisk /dev/sdd: 2199.0 GB, 2199023255552 bytes, 4294967296 sectors\nUnits = sectors of 1 * 512 = 512 bytes\nSector size (logical/physical): 512 bytes / 512 bytes\nI/O size (minimum/optimal): 512 bytes / 512 bytes\nDisk /dev/sdb: 42.9 GB, 42949672960 bytes, 83886080 sectors\nUnits = sectors of 1 * 512 = 512 bytes\nSector size (logical/physical): 512 bytes / 512 bytes\nI/O size (minimum/optimal): 512 bytes / 512 bytes\nDisk /dev/sdc: 2199.0 GB, 2199023255552 bytes, 4294967296 sectors\nUnits = sectors of 1 * 512 = 512 bytes\nSector size (logical/physical): 512 bytes / 512 bytes\nI/O size (minimum/optimal): 512 bytes / 512 bytes\nDisk /dev/sde: 2199.0 GB, 2199023255552 bytes, 4294967296 sectors\nUnits = sectors of 1 * 512 = 512 bytes\nSector size (logical/physical): 512 bytes / 512 bytes\nI/O size (minimum/optimal): 512 bytes / 512 bytes\nDisk /dev/sdf: 2199.0 GB, 2199023255552 bytes, 4294967296 sectors\nUnits = sectors of 1 * 512 = 512 bytes\nSector size (logical/physical): 512 bytes / 512 bytes\nI/O size (minimum/optimal): 512 bytes / 512 bytes\nDisk /dev/sda: 536.9 GB, 536870912000 bytes, 1048576000 sectors\nUnits = sectors of 1 * 512 = 512 bytes\nSector size (logical/physical): 512 bytes / 512 bytes\nI/O size (minimum/optimal): 512 bytes / 512 bytes\nDisk label type: dos\nDisk identifier: 0x0008ce60\nDevice Boot Start End Blocks Id System\n/dev/sda1 * 2048 2099199 1048576 83 Linux\n/dev/sda2 2099200 1048567807 523234304 8e Linux LVM\nDisk /dev/mapper/vg_root-lv_root: 64.4 GB, 64424509440 bytes, 125829120 sectors\nUnits = sectors of 1 * 512 = 512 bytes\nSector size (logical/physical): 512 bytes / 512 bytes\nI/O size (minimum/optimal): 512 bytes / 512 bytes\nDisk /dev/mapper/vg_root-lv_swap: 68.7 GB, 68719476736 bytes, 134217728 sectors\nUnits = sectors of 1 * 512 = 512 bytes\nSector size (logical/physical): 512 bytes / 512 bytes\nI/O size (minimum/optimal): 512 bytes / 512 bytes\nDisk /dev/mapper/vg_root-lv_data: 209.4 GB, 209371267072 bytes, 408928256 sectors\nUnits = sectors of 1 * 512 = 512 bytes\nSector size (logical/physical): 512 bytes / 512 bytes\nI/O size (minimum/optimal): 512 bytes / 512 bytes\nDisk /dev/mapper/vg_root-lv_home: 64.4 GB, 64424509440 bytes, 125829120 sectors\nUnits = sectors of 1 * 512 = 512 bytes\nSector size (logical/physical): 512 bytes / 512 bytes\nI/O size (minimum/optimal): 512 bytes / 512 bytes\nDisk /dev/mapper/vg_root-oracle: 64.4 GB, 64424509440 bytes, 125829120 sectors\nUnits = sectors of 1 * 512 = 512 bytes\nSector size (logical/physical): 512 bytes / 512 bytes\nI/O size (minimum/optimal): 512 bytes / 512 bytes\nDisk /dev/mapper/vg_root-lv_grid: 64.4 GB, 64424509440 bytes, 125829120 sectors\nUnits = sectors of 1 * 512 = 512 bytes\nSector size (logical/physical): 512 bytes / 512 bytes\nI/O size (minimum/optimal): 512 bytes / 512 bytes\nWARNING: fdisk GPT support is currently new, and therefore in an experimental phase. Use at your own discretion.\nDisk /dev/sdg: 2199.0 GB, 2199023255552 bytes, 4294967296 sectors\nUnits = sectors of 1 * 512 = 512 bytes\nSector size (logical/physical): 512 bytes / 512 bytes\nI/O size (minimum/optimal): 512 bytes / 512 bytes\nDisk label type: gpt\nDisk identifier: 9C5E039C-2C6C-4585-8EAB-7B2DBA949516\n# Start End Size Type Name\n1 34 4294965343 2T Linux LVM primary\n"),t("span",{pre:!0,attrs:{class:"token punctuation"}},[s._v("[")]),s._v("root@jylhlog2 ~"),t("span",{pre:!0,attrs:{class:"token punctuation"}},[s._v("]")]),s._v("#\n1.4 使系统重读分区表\n"),t("span",{pre:!0,attrs:{class:"token punctuation"}},[s._v("[")]),s._v("root@jylhlog2 ~"),t("span",{pre:!0,attrs:{class:"token punctuation"}},[s._v("]")]),s._v("# partprobe\nWarning: Unable to open /dev/sr0 read-write (Read-only file system). /dev/sr0 has been opened read-only.\n"),t("span",{pre:!0,attrs:{class:"token punctuation"}},[s._v("[")]),s._v("root@jylhlog2 ~"),t("span",{pre:!0,attrs:{class:"token punctuation"}},[s._v("]")]),s._v("#\n"),t("span",{pre:!0,attrs:{class:"token punctuation"}},[s._v("[")]),s._v("root@jylhlog2 ~"),t("span",{pre:!0,attrs:{class:"token punctuation"}},[s._v("]")]),s._v("# fdisk -l\nDisk /dev/sdd: 2199.0 GB, 2199023255552 bytes, 4294967296 sectors\nUnits = sectors of 1 * 512 = 512 bytes\nSector size (logical/physical): 512 bytes / 512 bytes\nI/O size (minimum/optimal): 512 bytes / 512 bytes\nDisk /dev/sdb: 42.9 GB, 42949672960 bytes, 83886080 sectors\nUnits = sectors of 1 * 512 = 512 bytes\nSector size (logical/physical): 512 bytes / 512 bytes\nI/O size (minimum/optimal): 512 bytes / 512 bytes\nDisk /dev/sdc: 2199.0 GB, 2199023255552 bytes, 4294967296 sectors\nUnits = sectors of 1 * 512 = 512 bytes\nSector size (logical/physical): 512 bytes / 512 bytes\nI/O size (minimum/optimal): 512 bytes / 512 bytes\nDisk /dev/sde: 2199.0 GB, 2199023255552 bytes, 4294967296 sectors\nUnits = sectors of 1 * 512 = 512 bytes\nSector size (logical/physical): 512 bytes / 512 bytes\nI/O size (minimum/optimal): 512 bytes / 512 bytes\nDisk /dev/sdf: 2199.0 GB, 2199023255552 bytes, 4294967296 sectors\nUnits = sectors of 1 * 512 = 512 bytes\nSector size (logical/physical): 512 bytes / 512 bytes\nI/O size (minimum/optimal): 512 bytes / 512 bytes\nDisk /dev/sda: 536.9 GB, 536870912000 bytes, 1048576000 sectors\nUnits = sectors of 1 * 512 = 512 bytes\nSector size (logical/physical): 512 bytes / 512 bytes\nI/O size (minimum/optimal): 512 bytes / 512 bytes\nDisk label type: dos\nDisk identifier: 0x0008ce60\nDevice Boot Start End Blocks Id System\n/dev/sda1 * 2048 2099199 1048576 83 Linux\n/dev/sda2 2099200 1048567807 523234304 8e Linux LVM\nDisk /dev/mapper/vg_root-lv_root: 64.4 GB, 64424509440 bytes, 125829120 sectors\nUnits = sectors of 1 * 512 = 512 bytes\nSector size (logical/physical): 512 bytes / 512 bytes\nI/O size (minimum/optimal): 512 bytes / 512 bytes\nDisk /dev/mapper/vg_root-lv_swap: 68.7 GB, 68719476736 bytes, 134217728 sectors\nUnits = sectors of 1 * 512 = 512 bytes\nSector size (logical/physical): 512 bytes / 512 bytes\nI/O size (minimum/optimal): 512 bytes / 512 bytes\nDisk /dev/mapper/vg_root-lv_data: 209.4 GB, 209371267072 bytes, 408928256 sectors\nUnits = sectors of 1 * 512 = 512 bytes\nSector size (logical/physical): 512 bytes / 512 bytes\nI/O size (minimum/optimal): 512 bytes / 512 bytes\nDisk /dev/mapper/vg_root-lv_home: 64.4 GB, 64424509440 bytes, 125829120 sectors\nUnits = sectors of 1 * 512 = 512 bytes\nSector size (logical/physical): 512 bytes / 512 bytes\nI/O size (minimum/optimal): 512 bytes / 512 bytes\nDisk /dev/mapper/vg_root-oracle: 64.4 GB, 64424509440 bytes, 125829120 sectors\nUnits = sectors of 1 * 512 = 512 bytes\nSector size (logical/physical): 512 bytes / 512 bytes\nI/O size (minimum/optimal): 512 bytes / 512 bytes\nDisk /dev/mapper/vg_root-lv_grid: 64.4 GB, 64424509440 bytes, 125829120 sectors\nUnits = sectors of 1 * 512 = 512 bytes\nSector size (logical/physical): 512 bytes / 512 bytes\nI/O size (minimum/optimal): 512 bytes / 512 bytes\nWARNING: fdisk GPT support is currently new, and therefore in an experimental phase. Use at your own discretion.\nDisk /dev/sdg: 2199.0 GB, 2199023255552 bytes, 4294967296 sectors\nUnits = sectors of 1 * 512 = 512 bytes\nSector size (logical/physical): 512 bytes / 512 bytes\nI/O size (minimum/optimal): 512 bytes / 512 bytes\nDisk label type: gpt\nDisk identifier: 9C5E039C-2C6C-4585-8EAB-7B2DBA949516\n# Start End Size Type Name\n1 34 4294965343 2T Linux LVM primary\n"),t("span",{pre:!0,attrs:{class:"token punctuation"}},[s._v("[")]),s._v("root@jylhlog2 ~"),t("span",{pre:!0,attrs:{class:"token punctuation"}},[s._v("]")]),s._v("#\n2. 创建pv、扩容vg、扩容lv、扩容xfs分区\n2.1 查看目前分区情况\n"),t("span",{pre:!0,attrs:{class:"token punctuation"}},[s._v("[")]),s._v("root@jylhlog2 ~"),t("span",{pre:!0,attrs:{class:"token punctuation"}},[s._v("]")]),s._v("# df -h\nFilesystem Size Used Avail Use"),t("span",{pre:!0,attrs:{class:"token comment"}},[s._v("% Mounted on")]),s._v("\n/dev/mapper/vg_root-lv_root 60G 6.2G 54G 11"),t("span",{pre:!0,attrs:{class:"token comment"}},[s._v("% /")]),s._v("\ndevtmpfs 63G 0 63G 0"),t("span",{pre:!0,attrs:{class:"token comment"}},[s._v("% /dev")]),s._v("\ntmpfs 63G 640M 63G 1"),t("span",{pre:!0,attrs:{class:"token comment"}},[s._v("% /dev/shm")]),s._v("\ntmpfs 63G 32M 63G 1"),t("span",{pre:!0,attrs:{class:"token comment"}},[s._v("% /run")]),s._v("\ntmpfs 63G 0 63G 0"),t("span",{pre:!0,attrs:{class:"token comment"}},[s._v("% /sys/fs/cgroup")]),s._v("\n/dev/sda1 1014M 179M 836M 18"),t("span",{pre:!0,attrs:{class:"token comment"}},[s._v("% /boot")]),s._v("\n/dev/mapper/vg_root-lv_grid 60G 40G 21G 66"),t("span",{pre:!0,attrs:{class:"token comment"}},[s._v("% /grid")]),s._v("\n/dev/mapper/vg_root-lv_data 195G 595M 195G 1"),t("span",{pre:!0,attrs:{class:"token comment"}},[s._v("% /data")]),s._v("\n/dev/mapper/vg_root-oracle 60G 22G 38G 37"),t("span",{pre:!0,attrs:{class:"token comment"}},[s._v("% /oracle")]),s._v("\n/dev/mapper/vg_root-lv_home 60G 16G 45G 27"),t("span",{pre:!0,attrs:{class:"token comment"}},[s._v("% /home")]),s._v("\ntmpfs 13G 12K 13G 1"),t("span",{pre:!0,attrs:{class:"token comment"}},[s._v("% /run/user/42")]),s._v("\ntmpfs 13G 0 13G 0"),t("span",{pre:!0,attrs:{class:"token comment"}},[s._v("% /run/user/1000")]),s._v("\n"),t("span",{pre:!0,attrs:{class:"token punctuation"}},[s._v("[")]),s._v("root@jylhlog2 ~"),t("span",{pre:!0,attrs:{class:"token punctuation"}},[s._v("]")]),s._v("#\n2.2 查看目前lv情况\n"),t("span",{pre:!0,attrs:{class:"token punctuation"}},[s._v("[")]),s._v("root@jylhlog2 ~"),t("span",{pre:!0,attrs:{class:"token punctuation"}},[s._v("]")]),s._v("# lvs\nLV VG Attr LSize Pool Origin Data"),t("span",{pre:!0,attrs:{class:"token comment"}},[s._v("% Meta% Move Log Cpy%Sync Convert")]),s._v("\nlv_data vg_root -wi-ao---- 194.99g\nlv_grid vg_root -wi-ao---- 60.00g\nlv_home vg_root -wi-ao---- 60.00g\nlv_root vg_root -wi-ao---- 60.00g\nlv_swap vg_root -wi-ao---- 64.00g\noracle vg_root -wi-ao---- 60.00g\n"),t("span",{pre:!0,attrs:{class:"token punctuation"}},[s._v("[")]),s._v("root@jylhlog2 ~"),t("span",{pre:!0,attrs:{class:"token punctuation"}},[s._v("]")]),s._v("#\n2.3 查看目前vg情况\n"),t("span",{pre:!0,attrs:{class:"token punctuation"}},[s._v("[")]),s._v("root@jylhlog2 ~"),t("span",{pre:!0,attrs:{class:"token punctuation"}},[s._v("]")]),s._v("# vgs\nVG #PV #LV #SN Attr VSize VFree\nvg_root 1 6 0 wz–n- 498.99g 0\n"),t("span",{pre:!0,attrs:{class:"token punctuation"}},[s._v("[")]),s._v("root@jylhlog2 ~"),t("span",{pre:!0,attrs:{class:"token punctuation"}},[s._v("]")]),s._v("#\n2.4 创建pv\n"),t("span",{pre:!0,attrs:{class:"token punctuation"}},[s._v("[")]),s._v("root@jylhlog2 ~"),t("span",{pre:!0,attrs:{class:"token punctuation"}},[s._v("]")]),s._v("# pvcreate /dev/sdg1\nPhysical volume “/dev/sdg1” successfully created.\n"),t("span",{pre:!0,attrs:{class:"token punctuation"}},[s._v("[")]),s._v("root@jylhlog2 ~"),t("span",{pre:!0,attrs:{class:"token punctuation"}},[s._v("]")]),s._v("#\n2.5 扩容vg\n"),t("span",{pre:!0,attrs:{class:"token punctuation"}},[s._v("[")]),s._v("root@jylhlog2 ~"),t("span",{pre:!0,attrs:{class:"token punctuation"}},[s._v("]")]),s._v("# vgextend vg_root /dev/sdg1\nVolume group “vg_root” successfully extended\n"),t("span",{pre:!0,attrs:{class:"token punctuation"}},[s._v("[")]),s._v("root@jylhlog2 ~"),t("span",{pre:!0,attrs:{class:"token punctuation"}},[s._v("]")]),s._v("#\n2.6 查看vg扩容情况\n"),t("span",{pre:!0,attrs:{class:"token punctuation"}},[s._v("[")]),s._v("root@jylhlog2 ~"),t("span",{pre:!0,attrs:{class:"token punctuation"}},[s._v("]")]),s._v("# vgs\nVG #PV #LV #SN Attr VSize VFree\nvg_root 2 6 0 wz–n- <2.49t <2.00t\n"),t("span",{pre:!0,attrs:{class:"token punctuation"}},[s._v("[")]),s._v("root@jylhlog2 ~"),t("span",{pre:!0,attrs:{class:"token punctuation"}},[s._v("]")]),s._v("#\n2.7 查看扩容后vg大小情况\n"),t("span",{pre:!0,attrs:{class:"token punctuation"}},[s._v("[")]),s._v("root@jylhlog2 ~"),t("span",{pre:!0,attrs:{class:"token punctuation"}},[s._v("]")]),s._v("# vgdisplay\n— Volume group —\nVG Name vg_root\nSystem ID\nFormat lvm2\nMetadata Areas 2\nMetadata Sequence No 8\nVG Access read/write\nVG Status resizable\nMAX LV 0\nCur LV 6\nOpen LV 6\nMax PV 0\nCur PV 2\nAct PV 2\nVG Size <2.49 TiB\nPE Size 4.00 MiB\nTotal PE 652029\nAlloc PE / Size 127742 / 498.99 GiB\nFree PE / Size 524287 / <2.00 TiB\nVG UUID bV0qQR-Vhfg-ynTF-dbza-qJD1-ao3k-l02WiP\n"),t("span",{pre:!0,attrs:{class:"token punctuation"}},[s._v("[")]),s._v("root@jylhlog2 ~"),t("span",{pre:!0,attrs:{class:"token punctuation"}},[s._v("]")]),s._v("#\n2.8 扩容lv\n"),t("span",{pre:!0,attrs:{class:"token punctuation"}},[s._v("[")]),s._v("root@jylhlog2 ~"),t("span",{pre:!0,attrs:{class:"token punctuation"}},[s._v("]")]),s._v("# lvextend -L +2097148M /dev/mapper/vg_root-lv_data\nSize of logical volume vg_root/lv_data changed from 194.99 GiB (49918 extents) to 2.19 TiB (574205 extents).\nLogical volume vg_root/lv_data successfully resized.\n"),t("span",{pre:!0,attrs:{class:"token punctuation"}},[s._v("[")]),s._v("root@jylhlog2 ~"),t("span",{pre:!0,attrs:{class:"token punctuation"}},[s._v("]")]),s._v("#\n2.9 查看容量变化，发现文件系统大小没有变化\n"),t("span",{pre:!0,attrs:{class:"token punctuation"}},[s._v("[")]),s._v("root@jylhlog2 ~"),t("span",{pre:!0,attrs:{class:"token punctuation"}},[s._v("]")]),s._v("# df -h\nFilesystem Size Used Avail Use"),t("span",{pre:!0,attrs:{class:"token comment"}},[s._v("% Mounted on")]),s._v("\n/dev/mapper/vg_root-lv_root 60G 6.2G 54G 11"),t("span",{pre:!0,attrs:{class:"token comment"}},[s._v("% /")]),s._v("\ndevtmpfs 63G 0 63G 0"),t("span",{pre:!0,attrs:{class:"token comment"}},[s._v("% /dev")]),s._v("\ntmpfs 63G 640M 63G 1"),t("span",{pre:!0,attrs:{class:"token comment"}},[s._v("% /dev/shm")]),s._v("\ntmpfs 63G 32M 63G 1"),t("span",{pre:!0,attrs:{class:"token comment"}},[s._v("% /run")]),s._v("\ntmpfs 63G 0 63G 0"),t("span",{pre:!0,attrs:{class:"token comment"}},[s._v("% /sys/fs/cgroup")]),s._v("\n/dev/sda1 1014M 179M 836M 18"),t("span",{pre:!0,attrs:{class:"token comment"}},[s._v("% /boot")]),s._v("\n/dev/mapper/vg_root-lv_grid 60G 40G 21G 66"),t("span",{pre:!0,attrs:{class:"token comment"}},[s._v("% /grid")]),s._v("\n/dev/mapper/vg_root-lv_data 195G 595M 195G 1"),t("span",{pre:!0,attrs:{class:"token comment"}},[s._v("% /data")]),s._v("\n/dev/mapper/vg_root-oracle 60G 22G 38G 37"),t("span",{pre:!0,attrs:{class:"token comment"}},[s._v("% /oracle")]),s._v("\n/dev/mapper/vg_root-lv_home 60G 16G 45G 27"),t("span",{pre:!0,attrs:{class:"token comment"}},[s._v("% /home")]),s._v("\ntmpfs 13G 12K 13G 1"),t("span",{pre:!0,attrs:{class:"token comment"}},[s._v("% /run/user/42")]),s._v("\ntmpfs 13G 0 13G 0"),t("span",{pre:!0,attrs:{class:"token comment"}},[s._v("% /run/user/1000")]),s._v("\n"),t("span",{pre:!0,attrs:{class:"token punctuation"}},[s._v("[")]),s._v("root@jylhlog2 ~"),t("span",{pre:!0,attrs:{class:"token punctuation"}},[s._v("]")]),s._v("#\n2.10 使用xfs_growfs同步磁盘信息\n"),t("span",{pre:!0,attrs:{class:"token punctuation"}},[s._v("[")]),s._v("root@jylhlog2 ~"),t("span",{pre:!0,attrs:{class:"token punctuation"}},[s._v("]")]),s._v("# xfs_growfs /dev/mapper/vg_root-lv_data\nmeta-data=/dev/mapper/vg_root-lv_data isize=512 agcount=4, agsize=12779008 blks\n​ = sectsz=512 attr=2, projid32bit=1\n​ = crc=1 finobt=0 spinodes=0\ndata = bsize=4096 blocks=51116032, imaxpct=25\n​ = sunit=0 swidth=0 blks\nnaming =version 2 bsize=4096 ascii-ci=0 ftype=1\nlog =internal bsize=4096 blocks=24959, version=2\n​ = sectsz=512 sunit=0 blks, lazy-count=1\nrealtime =none extsz=4096 blocks=0, rtextents=0\ndata blocks changed from 51116032 to 587985920\n"),t("span",{pre:!0,attrs:{class:"token punctuation"}},[s._v("[")]),s._v("root@jylhlog2 ~"),t("span",{pre:!0,attrs:{class:"token punctuation"}},[s._v("]")]),s._v("#\n2.11 查看容量变化，发现文件系统已扩容成功\n"),t("span",{pre:!0,attrs:{class:"token punctuation"}},[s._v("[")]),s._v("root@jylhlog2 ~"),t("span",{pre:!0,attrs:{class:"token punctuation"}},[s._v("]")]),s._v("# df -h\nFilesystem Size Used Avail Use"),t("span",{pre:!0,attrs:{class:"token comment"}},[s._v("% Mounted on")]),s._v("\n/dev/mapper/vg_root-lv_root 60G 6.2G 54G 11"),t("span",{pre:!0,attrs:{class:"token comment"}},[s._v("% /")]),s._v("\ndevtmpfs 63G 0 63G 0"),t("span",{pre:!0,attrs:{class:"token comment"}},[s._v("% /dev")]),s._v("\ntmpfs 63G 640M 63G 1"),t("span",{pre:!0,attrs:{class:"token comment"}},[s._v("% /dev/shm")]),s._v("\ntmpfs 63G 32M 63G 1"),t("span",{pre:!0,attrs:{class:"token comment"}},[s._v("% /run")]),s._v("\ntmpfs 63G 0 63G 0"),t("span",{pre:!0,attrs:{class:"token comment"}},[s._v("% /sys/fs/cgroup")]),s._v("\n/dev/sda1 1014M 179M 836M 18"),t("span",{pre:!0,attrs:{class:"token comment"}},[s._v("% /boot")]),s._v("\n/dev/mapper/vg_root-lv_grid 60G 40G 21G 66"),t("span",{pre:!0,attrs:{class:"token comment"}},[s._v("% /grid")]),s._v("\n/dev/mapper/vg_root-lv_data 2.2T 597M 2.2T 1"),t("span",{pre:!0,attrs:{class:"token comment"}},[s._v("% /data")]),s._v("\n/dev/mapper/vg_root-oracle 60G 22G 38G 37"),t("span",{pre:!0,attrs:{class:"token comment"}},[s._v("% /oracle")]),s._v("\n/dev/mapper/vg_root-lv_home 60G 16G 45G 27"),t("span",{pre:!0,attrs:{class:"token comment"}},[s._v("% /home")]),s._v("\ntmpfs 13G 12K 13G 1"),t("span",{pre:!0,attrs:{class:"token comment"}},[s._v("% /run/user/42")]),s._v("\ntmpfs 13G 0 13G 0"),t("span",{pre:!0,attrs:{class:"token comment"}},[s._v("% /run/user/1000")]),s._v("\n"),t("span",{pre:!0,attrs:{class:"token punctuation"}},[s._v("[")]),s._v("root@jylhlog2 ~"),t("span",{pre:!0,attrs:{class:"token punctuation"}},[s._v("]")]),s._v("#\n")])]),s._v(" "),t("div",{staticClass:"line-numbers-wrapper"},[t("span",{staticClass:"line-number"},[s._v("1")]),t("br"),t("span",{staticClass:"line-number"},[s._v("2")]),t("br"),t("span",{staticClass:"line-number"},[s._v("3")]),t("br"),t("span",{staticClass:"line-number"},[s._v("4")]),t("br"),t("span",{staticClass:"line-number"},[s._v("5")]),t("br"),t("span",{staticClass:"line-number"},[s._v("6")]),t("br"),t("span",{staticClass:"line-number"},[s._v("7")]),t("br"),t("span",{staticClass:"line-number"},[s._v("8")]),t("br"),t("span",{staticClass:"line-number"},[s._v("9")]),t("br"),t("span",{staticClass:"line-number"},[s._v("10")]),t("br"),t("span",{staticClass:"line-number"},[s._v("11")]),t("br"),t("span",{staticClass:"line-number"},[s._v("12")]),t("br"),t("span",{staticClass:"line-number"},[s._v("13")]),t("br"),t("span",{staticClass:"line-number"},[s._v("14")]),t("br"),t("span",{staticClass:"line-number"},[s._v("15")]),t("br"),t("span",{staticClass:"line-number"},[s._v("16")]),t("br"),t("span",{staticClass:"line-number"},[s._v("17")]),t("br"),t("span",{staticClass:"line-number"},[s._v("18")]),t("br"),t("span",{staticClass:"line-number"},[s._v("19")]),t("br"),t("span",{staticClass:"line-number"},[s._v("20")]),t("br"),t("span",{staticClass:"line-number"},[s._v("21")]),t("br"),t("span",{staticClass:"line-number"},[s._v("22")]),t("br"),t("span",{staticClass:"line-number"},[s._v("23")]),t("br"),t("span",{staticClass:"line-number"},[s._v("24")]),t("br"),t("span",{staticClass:"line-number"},[s._v("25")]),t("br"),t("span",{staticClass:"line-number"},[s._v("26")]),t("br"),t("span",{staticClass:"line-number"},[s._v("27")]),t("br"),t("span",{staticClass:"line-number"},[s._v("28")]),t("br"),t("span",{staticClass:"line-number"},[s._v("29")]),t("br"),t("span",{staticClass:"line-number"},[s._v("30")]),t("br"),t("span",{staticClass:"line-number"},[s._v("31")]),t("br"),t("span",{staticClass:"line-number"},[s._v("32")]),t("br"),t("span",{staticClass:"line-number"},[s._v("33")]),t("br"),t("span",{staticClass:"line-number"},[s._v("34")]),t("br"),t("span",{staticClass:"line-number"},[s._v("35")]),t("br"),t("span",{staticClass:"line-number"},[s._v("36")]),t("br"),t("span",{staticClass:"line-number"},[s._v("37")]),t("br"),t("span",{staticClass:"line-number"},[s._v("38")]),t("br"),t("span",{staticClass:"line-number"},[s._v("39")]),t("br"),t("span",{staticClass:"line-number"},[s._v("40")]),t("br"),t("span",{staticClass:"line-number"},[s._v("41")]),t("br"),t("span",{staticClass:"line-number"},[s._v("42")]),t("br"),t("span",{staticClass:"line-number"},[s._v("43")]),t("br"),t("span",{staticClass:"line-number"},[s._v("44")]),t("br"),t("span",{staticClass:"line-number"},[s._v("45")]),t("br"),t("span",{staticClass:"line-number"},[s._v("46")]),t("br"),t("span",{staticClass:"line-number"},[s._v("47")]),t("br"),t("span",{staticClass:"line-number"},[s._v("48")]),t("br"),t("span",{staticClass:"line-number"},[s._v("49")]),t("br"),t("span",{staticClass:"line-number"},[s._v("50")]),t("br"),t("span",{staticClass:"line-number"},[s._v("51")]),t("br"),t("span",{staticClass:"line-number"},[s._v("52")]),t("br"),t("span",{staticClass:"line-number"},[s._v("53")]),t("br"),t("span",{staticClass:"line-number"},[s._v("54")]),t("br"),t("span",{staticClass:"line-number"},[s._v("55")]),t("br"),t("span",{staticClass:"line-number"},[s._v("56")]),t("br"),t("span",{staticClass:"line-number"},[s._v("57")]),t("br"),t("span",{staticClass:"line-number"},[s._v("58")]),t("br"),t("span",{staticClass:"line-number"},[s._v("59")]),t("br"),t("span",{staticClass:"line-number"},[s._v("60")]),t("br"),t("span",{staticClass:"line-number"},[s._v("61")]),t("br"),t("span",{staticClass:"line-number"},[s._v("62")]),t("br"),t("span",{staticClass:"line-number"},[s._v("63")]),t("br"),t("span",{staticClass:"line-number"},[s._v("64")]),t("br"),t("span",{staticClass:"line-number"},[s._v("65")]),t("br"),t("span",{staticClass:"line-number"},[s._v("66")]),t("br"),t("span",{staticClass:"line-number"},[s._v("67")]),t("br"),t("span",{staticClass:"line-number"},[s._v("68")]),t("br"),t("span",{staticClass:"line-number"},[s._v("69")]),t("br"),t("span",{staticClass:"line-number"},[s._v("70")]),t("br"),t("span",{staticClass:"line-number"},[s._v("71")]),t("br"),t("span",{staticClass:"line-number"},[s._v("72")]),t("br"),t("span",{staticClass:"line-number"},[s._v("73")]),t("br"),t("span",{staticClass:"line-number"},[s._v("74")]),t("br"),t("span",{staticClass:"line-number"},[s._v("75")]),t("br"),t("span",{staticClass:"line-number"},[s._v("76")]),t("br"),t("span",{staticClass:"line-number"},[s._v("77")]),t("br"),t("span",{staticClass:"line-number"},[s._v("78")]),t("br"),t("span",{staticClass:"line-number"},[s._v("79")]),t("br"),t("span",{staticClass:"line-number"},[s._v("80")]),t("br"),t("span",{staticClass:"line-number"},[s._v("81")]),t("br"),t("span",{staticClass:"line-number"},[s._v("82")]),t("br"),t("span",{staticClass:"line-number"},[s._v("83")]),t("br"),t("span",{staticClass:"line-number"},[s._v("84")]),t("br"),t("span",{staticClass:"line-number"},[s._v("85")]),t("br"),t("span",{staticClass:"line-number"},[s._v("86")]),t("br"),t("span",{staticClass:"line-number"},[s._v("87")]),t("br"),t("span",{staticClass:"line-number"},[s._v("88")]),t("br"),t("span",{staticClass:"line-number"},[s._v("89")]),t("br"),t("span",{staticClass:"line-number"},[s._v("90")]),t("br"),t("span",{staticClass:"line-number"},[s._v("91")]),t("br"),t("span",{staticClass:"line-number"},[s._v("92")]),t("br"),t("span",{staticClass:"line-number"},[s._v("93")]),t("br"),t("span",{staticClass:"line-number"},[s._v("94")]),t("br"),t("span",{staticClass:"line-number"},[s._v("95")]),t("br"),t("span",{staticClass:"line-number"},[s._v("96")]),t("br"),t("span",{staticClass:"line-number"},[s._v("97")]),t("br"),t("span",{staticClass:"line-number"},[s._v("98")]),t("br"),t("span",{staticClass:"line-number"},[s._v("99")]),t("br"),t("span",{staticClass:"line-number"},[s._v("100")]),t("br"),t("span",{staticClass:"line-number"},[s._v("101")]),t("br"),t("span",{staticClass:"line-number"},[s._v("102")]),t("br"),t("span",{staticClass:"line-number"},[s._v("103")]),t("br"),t("span",{staticClass:"line-number"},[s._v("104")]),t("br"),t("span",{staticClass:"line-number"},[s._v("105")]),t("br"),t("span",{staticClass:"line-number"},[s._v("106")]),t("br"),t("span",{staticClass:"line-number"},[s._v("107")]),t("br"),t("span",{staticClass:"line-number"},[s._v("108")]),t("br"),t("span",{staticClass:"line-number"},[s._v("109")]),t("br"),t("span",{staticClass:"line-number"},[s._v("110")]),t("br"),t("span",{staticClass:"line-number"},[s._v("111")]),t("br"),t("span",{staticClass:"line-number"},[s._v("112")]),t("br"),t("span",{staticClass:"line-number"},[s._v("113")]),t("br"),t("span",{staticClass:"line-number"},[s._v("114")]),t("br"),t("span",{staticClass:"line-number"},[s._v("115")]),t("br"),t("span",{staticClass:"line-number"},[s._v("116")]),t("br"),t("span",{staticClass:"line-number"},[s._v("117")]),t("br"),t("span",{staticClass:"line-number"},[s._v("118")]),t("br"),t("span",{staticClass:"line-number"},[s._v("119")]),t("br"),t("span",{staticClass:"line-number"},[s._v("120")]),t("br"),t("span",{staticClass:"line-number"},[s._v("121")]),t("br"),t("span",{staticClass:"line-number"},[s._v("122")]),t("br"),t("span",{staticClass:"line-number"},[s._v("123")]),t("br"),t("span",{staticClass:"line-number"},[s._v("124")]),t("br"),t("span",{staticClass:"line-number"},[s._v("125")]),t("br"),t("span",{staticClass:"line-number"},[s._v("126")]),t("br"),t("span",{staticClass:"line-number"},[s._v("127")]),t("br"),t("span",{staticClass:"line-number"},[s._v("128")]),t("br"),t("span",{staticClass:"line-number"},[s._v("129")]),t("br"),t("span",{staticClass:"line-number"},[s._v("130")]),t("br"),t("span",{staticClass:"line-number"},[s._v("131")]),t("br"),t("span",{staticClass:"line-number"},[s._v("132")]),t("br"),t("span",{staticClass:"line-number"},[s._v("133")]),t("br"),t("span",{staticClass:"line-number"},[s._v("134")]),t("br"),t("span",{staticClass:"line-number"},[s._v("135")]),t("br"),t("span",{staticClass:"line-number"},[s._v("136")]),t("br"),t("span",{staticClass:"line-number"},[s._v("137")]),t("br"),t("span",{staticClass:"line-number"},[s._v("138")]),t("br"),t("span",{staticClass:"line-number"},[s._v("139")]),t("br"),t("span",{staticClass:"line-number"},[s._v("140")]),t("br"),t("span",{staticClass:"line-number"},[s._v("141")]),t("br"),t("span",{staticClass:"line-number"},[s._v("142")]),t("br"),t("span",{staticClass:"line-number"},[s._v("143")]),t("br"),t("span",{staticClass:"line-number"},[s._v("144")]),t("br"),t("span",{staticClass:"line-number"},[s._v("145")]),t("br"),t("span",{staticClass:"line-number"},[s._v("146")]),t("br"),t("span",{staticClass:"line-number"},[s._v("147")]),t("br"),t("span",{staticClass:"line-number"},[s._v("148")]),t("br"),t("span",{staticClass:"line-number"},[s._v("149")]),t("br"),t("span",{staticClass:"line-number"},[s._v("150")]),t("br"),t("span",{staticClass:"line-number"},[s._v("151")]),t("br"),t("span",{staticClass:"line-number"},[s._v("152")]),t("br"),t("span",{staticClass:"line-number"},[s._v("153")]),t("br"),t("span",{staticClass:"line-number"},[s._v("154")]),t("br"),t("span",{staticClass:"line-number"},[s._v("155")]),t("br"),t("span",{staticClass:"line-number"},[s._v("156")]),t("br"),t("span",{staticClass:"line-number"},[s._v("157")]),t("br"),t("span",{staticClass:"line-number"},[s._v("158")]),t("br"),t("span",{staticClass:"line-number"},[s._v("159")]),t("br"),t("span",{staticClass:"line-number"},[s._v("160")]),t("br"),t("span",{staticClass:"line-number"},[s._v("161")]),t("br"),t("span",{staticClass:"line-number"},[s._v("162")]),t("br"),t("span",{staticClass:"line-number"},[s._v("163")]),t("br"),t("span",{staticClass:"line-number"},[s._v("164")]),t("br"),t("span",{staticClass:"line-number"},[s._v("165")]),t("br"),t("span",{staticClass:"line-number"},[s._v("166")]),t("br"),t("span",{staticClass:"line-number"},[s._v("167")]),t("br"),t("span",{staticClass:"line-number"},[s._v("168")]),t("br"),t("span",{staticClass:"line-number"},[s._v("169")]),t("br"),t("span",{staticClass:"line-number"},[s._v("170")]),t("br"),t("span",{staticClass:"line-number"},[s._v("171")]),t("br"),t("span",{staticClass:"line-number"},[s._v("172")]),t("br"),t("span",{staticClass:"line-number"},[s._v("173")]),t("br"),t("span",{staticClass:"line-number"},[s._v("174")]),t("br"),t("span",{staticClass:"line-number"},[s._v("175")]),t("br"),t("span",{staticClass:"line-number"},[s._v("176")]),t("br"),t("span",{staticClass:"line-number"},[s._v("177")]),t("br"),t("span",{staticClass:"line-number"},[s._v("178")]),t("br"),t("span",{staticClass:"line-number"},[s._v("179")]),t("br"),t("span",{staticClass:"line-number"},[s._v("180")]),t("br"),t("span",{staticClass:"line-number"},[s._v("181")]),t("br"),t("span",{staticClass:"line-number"},[s._v("182")]),t("br"),t("span",{staticClass:"line-number"},[s._v("183")]),t("br"),t("span",{staticClass:"line-number"},[s._v("184")]),t("br"),t("span",{staticClass:"line-number"},[s._v("185")]),t("br"),t("span",{staticClass:"line-number"},[s._v("186")]),t("br"),t("span",{staticClass:"line-number"},[s._v("187")]),t("br"),t("span",{staticClass:"line-number"},[s._v("188")]),t("br"),t("span",{staticClass:"line-number"},[s._v("189")]),t("br"),t("span",{staticClass:"line-number"},[s._v("190")]),t("br"),t("span",{staticClass:"line-number"},[s._v("191")]),t("br"),t("span",{staticClass:"line-number"},[s._v("192")]),t("br"),t("span",{staticClass:"line-number"},[s._v("193")]),t("br"),t("span",{staticClass:"line-number"},[s._v("194")]),t("br"),t("span",{staticClass:"line-number"},[s._v("195")]),t("br"),t("span",{staticClass:"line-number"},[s._v("196")]),t("br"),t("span",{staticClass:"line-number"},[s._v("197")]),t("br"),t("span",{staticClass:"line-number"},[s._v("198")]),t("br"),t("span",{staticClass:"line-number"},[s._v("199")]),t("br"),t("span",{staticClass:"line-number"},[s._v("200")]),t("br"),t("span",{staticClass:"line-number"},[s._v("201")]),t("br"),t("span",{staticClass:"line-number"},[s._v("202")]),t("br"),t("span",{staticClass:"line-number"},[s._v("203")]),t("br"),t("span",{staticClass:"line-number"},[s._v("204")]),t("br"),t("span",{staticClass:"line-number"},[s._v("205")]),t("br"),t("span",{staticClass:"line-number"},[s._v("206")]),t("br"),t("span",{staticClass:"line-number"},[s._v("207")]),t("br"),t("span",{staticClass:"line-number"},[s._v("208")]),t("br"),t("span",{staticClass:"line-number"},[s._v("209")]),t("br"),t("span",{staticClass:"line-number"},[s._v("210")]),t("br"),t("span",{staticClass:"line-number"},[s._v("211")]),t("br"),t("span",{staticClass:"line-number"},[s._v("212")]),t("br"),t("span",{staticClass:"line-number"},[s._v("213")]),t("br"),t("span",{staticClass:"line-number"},[s._v("214")]),t("br"),t("span",{staticClass:"line-number"},[s._v("215")]),t("br"),t("span",{staticClass:"line-number"},[s._v("216")]),t("br"),t("span",{staticClass:"line-number"},[s._v("217")]),t("br"),t("span",{staticClass:"line-number"},[s._v("218")]),t("br"),t("span",{staticClass:"line-number"},[s._v("219")]),t("br"),t("span",{staticClass:"line-number"},[s._v("220")]),t("br"),t("span",{staticClass:"line-number"},[s._v("221")]),t("br"),t("span",{staticClass:"line-number"},[s._v("222")]),t("br"),t("span",{staticClass:"line-number"},[s._v("223")]),t("br"),t("span",{staticClass:"line-number"},[s._v("224")]),t("br"),t("span",{staticClass:"line-number"},[s._v("225")]),t("br"),t("span",{staticClass:"line-number"},[s._v("226")]),t("br"),t("span",{staticClass:"line-number"},[s._v("227")]),t("br"),t("span",{staticClass:"line-number"},[s._v("228")]),t("br"),t("span",{staticClass:"line-number"},[s._v("229")]),t("br"),t("span",{staticClass:"line-number"},[s._v("230")]),t("br"),t("span",{staticClass:"line-number"},[s._v("231")]),t("br"),t("span",{staticClass:"line-number"},[s._v("232")]),t("br"),t("span",{staticClass:"line-number"},[s._v("233")]),t("br"),t("span",{staticClass:"line-number"},[s._v("234")]),t("br"),t("span",{staticClass:"line-number"},[s._v("235")]),t("br"),t("span",{staticClass:"line-number"},[s._v("236")]),t("br"),t("span",{staticClass:"line-number"},[s._v("237")]),t("br"),t("span",{staticClass:"line-number"},[s._v("238")]),t("br"),t("span",{staticClass:"line-number"},[s._v("239")]),t("br"),t("span",{staticClass:"line-number"},[s._v("240")]),t("br"),t("span",{staticClass:"line-number"},[s._v("241")]),t("br"),t("span",{staticClass:"line-number"},[s._v("242")]),t("br"),t("span",{staticClass:"line-number"},[s._v("243")]),t("br"),t("span",{staticClass:"line-number"},[s._v("244")]),t("br"),t("span",{staticClass:"line-number"},[s._v("245")]),t("br"),t("span",{staticClass:"line-number"},[s._v("246")]),t("br"),t("span",{staticClass:"line-number"},[s._v("247")]),t("br"),t("span",{staticClass:"line-number"},[s._v("248")]),t("br"),t("span",{staticClass:"line-number"},[s._v("249")]),t("br"),t("span",{staticClass:"line-number"},[s._v("250")]),t("br"),t("span",{staticClass:"line-number"},[s._v("251")]),t("br"),t("span",{staticClass:"line-number"},[s._v("252")]),t("br"),t("span",{staticClass:"line-number"},[s._v("253")]),t("br"),t("span",{staticClass:"line-number"},[s._v("254")]),t("br"),t("span",{staticClass:"line-number"},[s._v("255")]),t("br"),t("span",{staticClass:"line-number"},[s._v("256")]),t("br"),t("span",{staticClass:"line-number"},[s._v("257")]),t("br"),t("span",{staticClass:"line-number"},[s._v("258")]),t("br"),t("span",{staticClass:"line-number"},[s._v("259")]),t("br"),t("span",{staticClass:"line-number"},[s._v("260")]),t("br"),t("span",{staticClass:"line-number"},[s._v("261")]),t("br"),t("span",{staticClass:"line-number"},[s._v("262")]),t("br"),t("span",{staticClass:"line-number"},[s._v("263")]),t("br"),t("span",{staticClass:"line-number"},[s._v("264")]),t("br"),t("span",{staticClass:"line-number"},[s._v("265")]),t("br"),t("span",{staticClass:"line-number"},[s._v("266")]),t("br"),t("span",{staticClass:"line-number"},[s._v("267")]),t("br"),t("span",{staticClass:"line-number"},[s._v("268")]),t("br"),t("span",{staticClass:"line-number"},[s._v("269")]),t("br"),t("span",{staticClass:"line-number"},[s._v("270")]),t("br"),t("span",{staticClass:"line-number"},[s._v("271")]),t("br"),t("span",{staticClass:"line-number"},[s._v("272")]),t("br"),t("span",{staticClass:"line-number"},[s._v("273")]),t("br"),t("span",{staticClass:"line-number"},[s._v("274")]),t("br"),t("span",{staticClass:"line-number"},[s._v("275")]),t("br"),t("span",{staticClass:"line-number"},[s._v("276")]),t("br"),t("span",{staticClass:"line-number"},[s._v("277")]),t("br"),t("span",{staticClass:"line-number"},[s._v("278")]),t("br"),t("span",{staticClass:"line-number"},[s._v("279")]),t("br"),t("span",{staticClass:"line-number"},[s._v("280")]),t("br"),t("span",{staticClass:"line-number"},[s._v("281")]),t("br"),t("span",{staticClass:"line-number"},[s._v("282")]),t("br"),t("span",{staticClass:"line-number"},[s._v("283")]),t("br"),t("span",{staticClass:"line-number"},[s._v("284")]),t("br"),t("span",{staticClass:"line-number"},[s._v("285")]),t("br"),t("span",{staticClass:"line-number"},[s._v("286")]),t("br"),t("span",{staticClass:"line-number"},[s._v("287")]),t("br"),t("span",{staticClass:"line-number"},[s._v("288")]),t("br"),t("span",{staticClass:"line-number"},[s._v("289")]),t("br"),t("span",{staticClass:"line-number"},[s._v("290")]),t("br"),t("span",{staticClass:"line-number"},[s._v("291")]),t("br"),t("span",{staticClass:"line-number"},[s._v("292")]),t("br"),t("span",{staticClass:"line-number"},[s._v("293")]),t("br"),t("span",{staticClass:"line-number"},[s._v("294")]),t("br"),t("span",{staticClass:"line-number"},[s._v("295")]),t("br"),t("span",{staticClass:"line-number"},[s._v("296")]),t("br"),t("span",{staticClass:"line-number"},[s._v("297")]),t("br"),t("span",{staticClass:"line-number"},[s._v("298")]),t("br"),t("span",{staticClass:"line-number"},[s._v("299")]),t("br"),t("span",{staticClass:"line-number"},[s._v("300")]),t("br"),t("span",{staticClass:"line-number"},[s._v("301")]),t("br"),t("span",{staticClass:"line-number"},[s._v("302")]),t("br"),t("span",{staticClass:"line-number"},[s._v("303")]),t("br"),t("span",{staticClass:"line-number"},[s._v("304")]),t("br"),t("span",{staticClass:"line-number"},[s._v("305")]),t("br"),t("span",{staticClass:"line-number"},[s._v("306")]),t("br"),t("span",{staticClass:"line-number"},[s._v("307")]),t("br"),t("span",{staticClass:"line-number"},[s._v("308")]),t("br"),t("span",{staticClass:"line-number"},[s._v("309")]),t("br"),t("span",{staticClass:"line-number"},[s._v("310")]),t("br"),t("span",{staticClass:"line-number"},[s._v("311")]),t("br"),t("span",{staticClass:"line-number"},[s._v("312")]),t("br"),t("span",{staticClass:"line-number"},[s._v("313")]),t("br"),t("span",{staticClass:"line-number"},[s._v("314")]),t("br"),t("span",{staticClass:"line-number"},[s._v("315")]),t("br"),t("span",{staticClass:"line-number"},[s._v("316")]),t("br"),t("span",{staticClass:"line-number"},[s._v("317")]),t("br"),t("span",{staticClass:"line-number"},[s._v("318")]),t("br"),t("span",{staticClass:"line-number"},[s._v("319")]),t("br"),t("span",{staticClass:"line-number"},[s._v("320")]),t("br"),t("span",{staticClass:"line-number"},[s._v("321")]),t("br"),t("span",{staticClass:"line-number"},[s._v("322")]),t("br"),t("span",{staticClass:"line-number"},[s._v("323")]),t("br"),t("span",{staticClass:"line-number"},[s._v("324")]),t("br"),t("span",{staticClass:"line-number"},[s._v("325")]),t("br"),t("span",{staticClass:"line-number"},[s._v("326")]),t("br"),t("span",{staticClass:"line-number"},[s._v("327")]),t("br"),t("span",{staticClass:"line-number"},[s._v("328")]),t("br"),t("span",{staticClass:"line-number"},[s._v("329")]),t("br"),t("span",{staticClass:"line-number"},[s._v("330")]),t("br"),t("span",{staticClass:"line-number"},[s._v("331")]),t("br"),t("span",{staticClass:"line-number"},[s._v("332")]),t("br"),t("span",{staticClass:"line-number"},[s._v("333")]),t("br"),t("span",{staticClass:"line-number"},[s._v("334")]),t("br"),t("span",{staticClass:"line-number"},[s._v("335")]),t("br"),t("span",{staticClass:"line-number"},[s._v("336")]),t("br"),t("span",{staticClass:"line-number"},[s._v("337")]),t("br"),t("span",{staticClass:"line-number"},[s._v("338")]),t("br"),t("span",{staticClass:"line-number"},[s._v("339")]),t("br"),t("span",{staticClass:"line-number"},[s._v("340")]),t("br"),t("span",{staticClass:"line-number"},[s._v("341")]),t("br")])]),t("blockquote",[t("p",[s._v("如果sdb1是一个磁盘阵列，而这个磁盘阵列使用年代太久，我们必须移出怎么办？")]),s._v(" "),t("p",[s._v('移动数据：\n[root@test1 ~]# pvmove /dev/sdb1 /dev/sdb3 #将sdb1上数据移到新增加sdb3 pv 上\n/dev/sdb1: Moved: 23.53%\n/dev/sdb1: Moved: 76.47%\n/dev/sdb1: Moved: 100.00%\n[root@test1 ~]# vgreduce vg01 /dev/sdb1 #移完数据再移出\nRemoved "/dev/sdb1" from volume group "vg01"\n[root@test1 ~]# pvs\nPV VG Fmt Attr PSize PFree\n/dev/sdb1 lvm2 --- 1.00g 1.00g\n/dev/sdb2 vg02 lvm2 a-- 1008.00m 1008.00m\n/dev/sdb3 vg01 lvm2 a-- 1020.00m 952.00m #vg01中只有sdb3了')])])])}),[],!1,null,null,null);t.default=a.exports}}]);